#
# A fatal error has been detected by the Java Runtime Environment:
#
#  Internal Error (/home/wlr/jdk/src/hotspot/share/opto/matcher.cpp:1766), pid=50549, tid=50730
#  assert(false) failed: bad AD file
#
# JRE version: OpenJDK Runtime Environment (25.0) (slowdebug build 25-internal-adhoc.wlr.jdk)
# Java VM: OpenJDK 64-Bit Server VM (slowdebug 25-internal-adhoc.wlr.jdk, mixed mode, compressed oops, compressed class ptrs, g1 gc, linux-amd64)
# Problematic frame:
# V  [libjvm.so+0x136eb3d]  Matcher::Label_Root(Node const*, State*, Node*, Node*&)+0x589
#
# Core dump will be written. Default location: Core dumps may be processed with "/usr/share/apport/apport -p%p -s%s -c%c -d%d -P%P -u%u -g%g -- %E" (or dumping to /home/wlr/jdk/core.50549)
#
# If you would like to submit a bug report, please visit:
#   https://bugreport.java.com/bugreport/crash.jsp
#

---------------  S U M M A R Y ------------

Command Line: -XX:CompileCommand=printcompilation,Test::* -XX:CompileCommand=compileonly,Test::test -Xbatch -XX:-TieredCompilation -XX:CompileCommand=printinlining,Test::test -XX:PrintIdealGraphLevel=2 -XX:LoopUnrollLimit=0 -XX:+EnableDeserializeCall --add-modules=ALL-DEFAULT jdk.compiler/com.sun.tools.javac.launcher.SourceLauncher Test.java

Host: wlr-VMware-Virtual-Platform, Intel(R) Core(TM) i7-14700HX, 128 cores, 5G, Ubuntu 24.04.1 LTS
Time: Mon Apr 28 08:11:34 2025 CEST elapsed time: 678.902837 seconds (0d 0h 11m 18s)

---------------  T H R E A D  ---------------

Current thread (0x00007ffff02c20b0):  JavaThread "C2 CompilerThread0" daemon [_thread_in_native, id=50730, stack(0x00007fffda800000,0x00007fffda900000) (1024K)]


Current CompileTask:
C2:678905   85    b        Test::test (31 bytes)

Stack: [0x00007fffda800000,0x00007fffda900000],  sp=0x00007fffda8fba80,  free space=1006k
Native frames: (J=compiled Java code, j=interpreted, Vv=VM code, C=native code)
V  [libjvm.so+0x136eb3d]  Matcher::Label_Root(Node const*, State*, Node*, Node*&)+0x589  (matcher.cpp:1766)
V  [libjvm.so+0x136e0c7]  Matcher::match_tree(Node const*)+0x237  (matcher.cpp:1550)
V  [libjvm.so+0x136c177]  Matcher::xform(Node*, int)+0x1eb  (matcher.cpp:1160)
V  [libjvm.so+0x136661c]  Matcher::match()+0xf56  (matcher.cpp:370)
V  [libjvm.so+0xa81763]  Compile::Code_Gen()+0x89  (compile.cpp:2955)
V  [libjvm.so+0xa779c5]  Compile::Compile(ciEnv*, ciMethod*, int, Options, DirectiveSet*)+0x1817  (compile.cpp:901)
V  [libjvm.so+0x934169]  C2Compiler::compile_method(ciEnv*, ciMethod*, int, bool, DirectiveSet*)+0x1f7  (c2compiler.cpp:142)
V  [libjvm.so+0xa9b84b]  CompileBroker::invoke_compiler_on_method(CompileTask*)+0xa23  (compileBroker.cpp:2319)
V  [libjvm.so+0xa9a29c]  CompileBroker::compiler_thread_loop()+0x412  (compileBroker.cpp:1977)
V  [libjvm.so+0xabb115]  CompilerThread::thread_entry(JavaThread*, JavaThread*)+0x8d  (compilerThread.cpp:68)
V  [libjvm.so+0xf40784]  JavaThread::thread_main_inner()+0x16c  (javaThread.cpp:777)
V  [libjvm.so+0xf40615]  JavaThread::run()+0x1db  (javaThread.cpp:762)
V  [libjvm.so+0x186356d]  Thread::call_run()+0x1bd  (thread.cpp:232)
V  [libjvm.so+0x14914da]  thread_native_entry(Thread*)+0x1cf  (os_linux.cpp:860)
C  [libc.so.6+0x9caa4]
Registers:
RAX=0x00007ffff7fa4000, RBX=0x00007fffa804a9c8, RCX=0x00007ffff7a62270, RDX=0x00000000000000ef
RSP=0x00007fffda8fba80, RBP=0x00007fffda8fbaf0, RSI=0x0000000000000000, RDI=0x00007ffff7a62278
R8 =0x0000000000000000, R9 =0x0000000000000000, R10=0x0000000000000000, R11=0x0000000000000293
R12=0x00007ffff6207514, R13=0x0000000000000001, R14=0x0000000000000002, R15=0x00007ffff7bfc3c0
RIP=0x00007ffff616eb3d, EFLAGS=0x0000000000010202, CSGSFS=0x002b000000000033, ERR=0x0000000000000006
  TRAPNO=0x000000000000000e

XMM[0]=0x2525252525252525 0x2525252525252525
XMM[1]=0x0000000000000000 0x0000000000000000
XMM[2]=0x0000000000000000 0x00000000000000ff
XMM[3]=0x0000000000000000 0x00000000000000ff
XMM[4]=0x0000000000000000 0x3ea0000000000000
XMM[5]=0x0000000000000000 0x0000000000000000
XMM[6]=0x0000000000000000 0x3f7fe00000000000
XMM[7]=0x0000000000000000 0x0000000000000000
XMM[8]=0x0000000000000000 0x3f00000000000000
XMM[9]=0x0000000000000000 0x0000000000000000
XMM[10]=0x3f3f3f3f3f3f3f3f 0x3f3f3f3f3f3f3f3f
XMM[11]=0x9999999999999999 0x9999999999999999
XMM[12]=0x2020202020202020 0x2020202020202020
XMM[13]=0x0000000000000000 0x0000000000000000
XMM[14]=0x0000000000000000 0x0000000000000000
XMM[15]=0x0000000000000000 0x0000000000000000
  MXCSR=0x00001fa2


Register to memory mapping:

RAX=