#
# A fatal error has been detected by the Java Runtime Environment:
#
#  SIGSEGV (0xb) at pc=0x00007ffff5430f74, pid=35329, tid=35408
#
# JRE version: OpenJDK Runtime Environment (25.0) (slowdebug build 25-internal-adhoc.wlr.jdk)
# Java VM: OpenJDK 64-Bit Server VM (slowdebug 25-internal-adhoc.wlr.jdk, mixed mode, compressed oops, compressed class ptrs, g1 gc, linux-amd64)
# Problematic frame:
# V  [libjvm.so+0x630f74]  Node::req() const+0x10
#
# Core dump will be written. Default location: Core dumps may be processed with "/usr/share/apport/apport -p%p -s%s -c%c -d%d -P%P -u%u -g%g -- %E" (or dumping to /home/wlr/jdk/core.35329)
#
# If you would like to submit a bug report, please visit:
#   https://bugreport.java.com/bugreport/crash.jsp
#

---------------  S U M M A R Y ------------

Command Line: -XX:CompileCommand=printcompilation,Test::* -XX:CompileCommand=compileonly,Test::test -Xbatch -XX:-TieredCompilation -XX:CompileCommand=printinlining,Test::test -XX:PrintIdealGraphLevel=2 -XX:LoopUnrollLimit=0 --add-modules=ALL-DEFAULT jdk.compiler/com.sun.tools.javac.launcher.SourceLauncher Test.java

Host: wlr-VMware-Virtual-Platform, Intel(R) Core(TM) i7-14700HX, 128 cores, 5G, Ubuntu 24.04.1 LTS
Time: Mon Apr 28 06:38:27 2025 CEST elapsed time: 85.932356 seconds (0d 0h 1m 25s)

---------------  T H R E A D  ---------------

Current thread (0x00007ffff02c2060):  JavaThread "C2 CompilerThread0" daemon [_thread_in_vm, id=35408, stack(0x00007fffda800000,0x00007fffda900000) (1024K)]

Stack: [0x00007fffda800000,0x00007fffda900000],  sp=0x00007fffda8fbee0,  free space=1007k
Native frames: (J=compiled Java code, j=interpreted, Vv=VM code, C=native code)
V  [libjvm.so+0x630f74]  Node::req() const+0x10  (node.hpp:358)
C  0x00007fffda8fbeff

siginfo: si_signo: 11 (SIGSEGV), si_code: 2 (SEGV_ACCERR), si_addr: 0x00007fffa806f748

Registers:
RAX=0x00007fffa806f730, RBX=0x00007ffff02c7e30, RCX=0x0000000000000004, RDX=0x00007fffda8fc850
RSP=0x00007fffda8fbee0, RBP=0x00007fffda8fbee0, RSI=0x0000000000000004, RDI=0x00007fffa806f730
R8 =0x00007ffff573f3cc, R9 =0x0000000000000001, R10=0x0000000000000001, R11=0x0000000000000206
R12=0x00007ffff5b3fff2, R13=0xffffffffffffff88, R14=0x0000000000000002, R15=0x00007ffff7bfc3c0
RIP=0x00007ffff5430f74, EFLAGS=0x0000000000010246, CSGSFS=0x002b000000000033, ERR=0x0000000000000004
  TRAPNO=0x000000000000000e

XMM[0]=0xabababababababab 0xabababababababab
XMM[1]=0x00007fffa8032000 0x00007fffa8031f28
XMM[2]=0x00007fffa8032638 0x00007fffa8032598
XMM[3]=0x00007fffa8032398 0x00007fffa8032280
XMM[4]=0x00007ffff02f0900 0x00007ffff02e9c88
XMM[5]=0x00007ffff02f0760 0x00007ffff02f09b0
XMM[6]=0x00007ffff02ef4e0 0x00007ffff02ef400
XMM[7]=0x00007ffff02f0900 0x00007ffff02e9a30
XMM[8]=0x0000000000000000 0x0000000000000000
XMM[9]=0x0000000000000000 0x0000000000000000
XMM[10]=0x3f3f3f3f3f3f3f3f 0x3f3f3f3f3f3f3f3f
XMM[11]=0x9999999999999999 0x9999999999999999
XMM[12]=0x2020202020202020 0x2020202020202020
XMM[13]=0x0000000000000000 0x0000000000000000
XMM[14]=0x0000000000000000 0x0000000000000000
XMM[15]=0x0000000000000000 0x0000000000000000
  MXCSR=0x00001fa2


Register to memory mapping:

RAX=