#
# A fatal error has been detected by the Java Runtime Environment:
#
#  SIGSEGV (0xb) at pc=0x00007aea7fb17d42, pid=91998, tid=92220
#
# JRE version: OpenJDK Runtime Environment (25.0) (slowdebug build 25-internal-adhoc.wlr.jdk)
# Java VM: OpenJDK 64-Bit Server VM (slowdebug 25-internal-adhoc.wlr.jdk, mixed mode, tiered, compressed oops, compressed class ptrs, g1 gc, linux-amd64)
# Problematic frame:
# V  [libjvm.so+0x1717d42]  MinHeap::heapify(unsigned int)+0x66
#
# Core dump will be written. Default location: Core dumps may be processed with "/usr/share/apport/apport -p%p -s%s -c%c -d%d -P%P -u%u -g%g -- %E" (or dumping to /home/wlr/jdk/make/core.91998)
#
# If you would like to submit a bug report, please visit:
#   https://bugreport.java.com/bugreport/crash.jsp
#

---------------  S U M M A R Y ------------

Command Line: -Denv.class.path= -Dapplication.home=/home/wlr/jdk/build/linux-x86_64-server-slowdebug/jdk --add-modules=ALL-DEFAULT -Xms8m -Djava.io.tmpdir=/home/wlr/jdk/build/linux-x86_64-server-slowdebug/support/javatmp -Djdk.module.main=jdk.compiler jdk.compiler/com.sun.tools.javac.Main -g -Xlint:all -source 25 -target 25 -implicit:none -Xprefer:source -XDignore.symbol.file=true -encoding ascii -Werror --add-modules jdk.compiler,jdk.jdeps --add-exports jdk.compiler/com.sun.tools.javac.api=ALL-UNNAMED --add-exports jdk.compiler/com.sun.tools.javac.code=ALL-UNNAMED --add-exports jdk.compiler/com.sun.tools.javac.util=ALL-UNNAMED --add-exports jdk.compiler/com.sun.tools.javac.jvm=ALL-UNNAMED --add-exports jdk.jdeps/com.sun.tools.classfile=ALL-UNNAMED -Xlint:-options -XDmodifiedInputs=/home/wlr/jdk/build/linux-x86_64-server-slowdebug/buildtools/create_symbols_javac/_the.COMPILE_CREATE_SYMBOLS_batch.modfiles.fixed -d /home/wlr/jdk/build/linux-x86_64-server-slowdebug/buildtools/create_symbols_javac @/home/wlr/jdk/build/linux-x86_64-server-slowdebug/buildtools/create_symbols_javac/_the.COMPILE_CREATE_SYMBOLS_batch.filelist

Host: wlr-VMware-Virtual-Platform, Intel(R) Core(TM) i7-14700HX, 128 cores, 5G, Ubuntu 24.04.1 LTS
Time: Mon Mar 31 13:28:14 2025 CEST elapsed time: 1.406421 seconds (0d 0h 0m 1s)

---------------  T H R E A D  ---------------

Current thread (0x00007aea78271c80):  JavaThread "C2 CompilerThread0" daemon [_thread_in_native, id=92220, stack(0x00007aea5fc00000,0x00007aea5fd00000) (1024K)]


Current CompileTask:
C2:1406    3       4       java.lang.Byte::toUnsignedInt (6 bytes)

Stack: [0x00007aea5fc00000,0x00007aea5fd00000],  sp=0x00007aea5fcfc160,  free space=1008k
Native frames: (J=compiled Java code, j=interpreted, Vv=VM code, C=native code)
V  [libjvm.so+0x1717d42]  MinHeap::heapify(unsigned int)+0x66  (sonserializer.cpp:324)
V  [libjvm.so+0x1717e66]  MinHeap::get_top()+0x5e  (sonserializer.cpp:341)
V  [libjvm.so+0x1717f3d]  MinHeap::build_huffman_tree()+0x1f  (sonserializer.cpp:357)
V  [libjvm.so+0x1718232]  Huffman::Huffman(int*, unsigned int, Compile*)+0x264  (sonserializer.cpp:392)
V  [libjvm.so+0x17172dc]  CSRGraph::compress_and_dump()+0x54  (sonserializer.cpp:136)
V  [libjvm.so+0x1716c7b]  SonSerializer::compress_and_dump()+0x31  (sonserializer.cpp:55)
V  [libjvm.so+0xa777d5]  Compile::Compile(ciEnv*, ciMethod*, int, Options, DirectiveSet*)+0x1627  (compile.cpp:858)
V  [libjvm.so+0x934169]  C2Compiler::compile_method(ciEnv*, ciMethod*, int, bool, DirectiveSet*)+0x1f7  (c2compiler.cpp:142)
V  [libjvm.so+0xa9b7f7]  CompileBroker::invoke_compiler_on_method(CompileTask*)+0xa23  (compileBroker.cpp:2319)
V  [libjvm.so+0xa9a248]  CompileBroker::compiler_thread_loop()+0x412  (compileBroker.cpp:1977)
V  [libjvm.so+0xabb0c1]  CompilerThread::thread_entry(JavaThread*, JavaThread*)+0x8d  (compilerThread.cpp:68)
V  [libjvm.so+0xf40730]  JavaThread::thread_main_inner()+0x16c  (javaThread.cpp:777)
V  [libjvm.so+0xf405c1]  JavaThread::run()+0x1db  (javaThread.cpp:762)
V  [libjvm.so+0x185e081]  Thread::call_run()+0x1bd  (thread.cpp:232)
V  [libjvm.so+0x149148a]  thread_native_entry(Thread*)+0x1cf  (os_linux.cpp:860)
C  [libc.so.6+0x9caa4]

siginfo: si_signo: 11 (SIGSEGV), si_code: 128 (SI_KERNEL), si_addr: 0x0000000000000000

Registers:
RAX=0xabababababababab, RBX=0x00007aea14059eb8, RCX=0x0000000000000000, RDX=0x0000000000000001
RSP=0x00007aea5fcfc160, RBP=0x00007aea5fcfc190, RSI=0x0000000000000000, RDI=0x00007aea14059eb8
R8 =0x00007aea5fcfd840, R9 =0x00007aea5fcfd840, R10=0x00000000000001b6, R11=0x0000000000000293
R12=0x00007aea1401c2b0, R13=0xffffffffffffff88, R14=0x0000000000000002, R15=0x00007aea811fc3c0
RIP=0x00007aea7fb17d42, EFLAGS=0x0000000000010202, CSGSFS=0x002b000000000033, ERR=0x0000000000000000
  TRAPNO=0x000000000000000d

XMM[0]=0xffffffffffffffff 0xffffffffffffffff
XMM[1]=0x0000000000000000 0x0000000000000000
XMM[2]=0x00ffff0000000000 0x00ffff000000ff00
XMM[3]=0x00ffff0000000000 0x00ffff000000ff00
XMM[4]=0x00007aea0c00a6a8 0x00007aea0c00a6a8
XMM[5]=0x00007aea0c00a568 0x00007aea0c00a568
XMM[6]=0x00007aea0c00a468 0x00007aea0c00a468
XMM[7]=0x00007aea0c00a1c8 0x00007aea0c00a1c8
XMM[8]=0xffffffffffffffff 0xffffffffffffffff
XMM[9]=0x2020200020200000 0x0000000000000000
XMM[10]=0x3f3f3f3f3f3f3f3f 0x3f3f3f3f3f3f3f3f
XMM[11]=0x9999999999999999 0x9999999999999999
XMM[12]=0x2020202020202020 0x2020202020202020
XMM[13]=0x0000000000000000 0x0000000000000000
XMM[14]=0x0000000000000000 0x0000000000000000
XMM[15]=0x0000000000000000 0x0000000000000000
  MXCSR=0x00001fa2


Register to memory mapping:

RAX=
[timeout occurred during error reporting in step "printing register info"] after 30 s.
[stop reattempt (printing register info, attempt 2) reason: Step time limit reached]
Top of Stack: (sp=0x00007aea5fcfc160)
0x00007aea5fcfc160:   0000000000000003 00007aea14059eb8   .............z..
0x00007aea5fcfc170:   00007aea5fcfc1b0 000000007fb17e05   ..._.z...~......
0x00007aea5fcfc180:   0000000200000001 00007aea14059eb8   .............z..
0x00007aea5fcfc190:   00007aea5fcfc1c0 00007aea7fb17e66   ..._.z..f~...z..
0x00007aea5fcfc1a0:   0000000200000001 00007aea14059eb8   .............z..
0x00007aea5fcfc1b0:   00007aea5fcfc210 00007aea14059f30   ..._.z..0....z..
0x00007aea5fcfc1c0:   00007aea5fcfc210 00007aea7fb17f3d   ..._.z..=....z..
0x00007aea5fcfc1d0:   000000145fcfc1f0 00007aea14059eb8   ..._.........z..
0x00007aea5fcfc1e0:   00007aea0c01adf8 00007aea14059eb8   .....z.......z..
0x00007aea5fcfc1f0:   00007aea5fcfc210 ffffffff00000014   ..._.z..........
0x00007aea5fcfc200:   0000000000000050 00007aea14059eb8   P............z..
0x00007aea5fcfc210:   00007aea5fcfc280 00007aea7fb18232   ..._.z..2....z..
0x00007aea5fcfc220:   00007aea5fcfd840 0000001414059c30   @.._.z..0.......
0x00007aea5fcfc230:   00007aea0c01acb8 00007aea5fcfc2a0   .....z....._.z..
0x00007aea5fcfc240:   0000001400000005 0000001400000014   ................
0x00007aea5fcfc250:   0000001400000014 00007aea0c01ade0   .............z..
0x00007aea5fcfc260:   00007aea0c01adf8 00007aea0c01ae48   .....z..H....z..
0x00007aea5fcfc270:   0000000000000000 00007aea14059800   .............z..
0x00007aea5fcfc280:   00007aea5fcfcac0 00007aea7fb172dc   ..._.z...r...z..
0x00007aea5fcfc290:   0000000000000000 00007aea14059c30   ........0....z..
0x00007aea5fcfc2a0:   00007aea5fcfd840 0000000000000000   @.._.z..........
0x00007aea5fcfc2b0:   00007aea14059eb8 00007aea00000000   .....z.......z..
0x00007aea5fcfc2c0:   00007aea5fcfc810 00007aea5fcfc948   ..._.z..H.._.z..
0x00007aea5fcfc2d0:   00007aea5fcfc800 00007aea81269484   ..._.z....&..z..
0x00007aea5fcfc2e0:   0000000000000000 ffffffffffffffff   ................
0x00007aea5fcfc2f0:   0000000000000000 00007aea8059a510   ..........Y..z..
0x00007aea5fcfc300:   00007aea8059a510 0000000000000000   ..Y..z..........
0x00007aea5fcfc310:   0000000000000000 0000000000000000   ................
0x00007aea5fcfc320:   0000000000000000 0000000000000000   ................
0x00007aea5fcfc330:   0000000000000000 0000000000000000   ................
0x00007aea5fcfc340:   0000000000000000 0000000000000001   ................
0x00007aea5fcfc350:   0000000000000000 0000000000000000   ................

Instructions: (pc=0x00007aea7fb17d42)
  0x00007aea7fb17c42:   00 00 00 00 eb 57 bf 18 00 00 00 e8 b8 7e 0b ff
  0x00007aea7fb17c52:   48 89 c3 8b 45 e8 48 8d 14 85 00 00 00 00 48 8b
  0x00007aea7fb17c62:   45 c8 48 01 d0 8b 10 8b 45 e8 48 8d 0c 85 00 00
  0x00007aea7fb17c72:   00 00 48 8b 45 d0 48 01 c8 8b 00 89 c6 48 89 df
  0x00007aea7fb17c82:   e8 1f 0a 00 00 48 8b 45 d8 48 8b 00 8b 55 e8 48
  0x00007aea7fb17c92:   c1 e2 03 48 01 d0 48 89 18 83 45 e8 01 8b 45 e8
  0x00007aea7fb17ca2:   3b 45 c4 72 a1 48 8b 45 d8 8b 40 08 d1 e8 83 e8
  0x00007aea7fb17cb2:   01 89 45 ec eb 15 8b 55 ec 48 8b 45 d8 89 d6 48
  0x00007aea7fb17cc2:   89 c7 e8 13 00 00 00 83 6d ec 01 83 7d ec 00 79
  0x00007aea7fb17cd2:   e5 90 90 48 8b 5d f8 c9 c3 90 f3 0f 1e fa 55 48
  0x00007aea7fb17ce2:   89 e5 48 83 ec 30 48 89 7d d8 89 75 d4 8b 45 d4
  0x00007aea7fb17cf2:   89 45 ec 8b 45 d4 01 c0 83 c0 01 89 45 f0 8b 45
  0x00007aea7fb17d02:   d4 01 c0 83 c0 02 89 45 f4 48 8b 45 d8 8b 40 08
  0x00007aea7fb17d12:   39 45 f0 73 38 48 8b 45 d8 48 8b 00 8b 55 f0 48
  0x00007aea7fb17d22:   c1 e2 03 48 01 d0 48 8b 00 8b 50 04 48 8b 45 d8
  0x00007aea7fb17d32:   48 8b 00 8b 4d ec 48 c1 e1 03 48 01 c8 48 8b 00
=>0x00007aea7fb17d42:   8b 40 04 39 c2 73 06 8b 45 f0 89 45 ec 48 8b 45
  0x00007aea7fb17d52:   d8 8b 40 08 39 45 f4 73 38 48 8b 45 d8 48 8b 00
  0x00007aea7fb17d62:   8b 55 f4 48 c1 e2 03 48 01 d0 48 8b 00 8b 50 04
  0x00007aea7fb17d72:   48 8b 45 d8 48 8b 00 8b 4d ec 48 c1 e1 03 48 01
  0x00007aea7fb17d82:   c8 48 8b 00 8b 40 04 39 c2 73 06 8b 45 f4 89 45
  0x00007aea7fb17d92:   ec 8b 45 ec 3b 45 d4 74 6a 48 8b 45 d8 48 8b 00
  0x00007aea7fb17da2:   8b 55 d4 48 c1 e2 03 48 01 d0 48 8b 00 48 89 45
  0x00007aea7fb17db2:   f8 48 8b 45 d8 48 8b 00 8b 55 ec 48 c1 e2 03 48
  0x00007aea7fb17dc2:   8d 0c 10 48 8b 45 d8 48 8b 00 8b 55 d4 48 c1 e2
  0x00007aea7fb17dd2:   03 48 01 c2 48 8b 01 48 89 02 48 8b 45 d8 48 8b
  0x00007aea7fb17de2:   00 8b 55 ec 48 c1 e2 03 48 01 c2 48 8b 45 f8 48
  0x00007aea7fb17df2:   89 02 8b 55 ec 48 8b 45 d8 89 d6 48 89 c7 e8 d7
  0x00007aea7fb17e02:   fe ff ff 90 c9 c3 f3 0f 1e fa 55 48 89 e5 48 83
  0x00007aea7fb17e12:   ec 20 48 89 7d e8 48 8b 45 e8 48 8b 00 48 8b 00
  0x00007aea7fb17e22:   48 89 45 f8 48 8b 45 e8 48 8b 30 48 8b 45 e8 8b
  0x00007aea7fb17e32:   40 08 8d 48 ff 48 8b 55 e8 89 4a 08 89 c0 48 c1


Stack slot to memory mapping:

stack at sp + 0 slots: 
[timeout occurred during error reporting in step "inspecting top of stack"] after 30 s.
[stop reattempt (inspecting top of stack, attempt 2) reason: Step time limit reached]
Lock stack of current Java thread (top to bottom):


---------------  P R O C E S S  ---------------

uid  : 1000 euid : 1000 gid  : 1000 egid : 1000

umask: 0002 (-------w-)

Threads class SMR info:
_java_thread_list=0x00007ae9fc067de0, length=15, elements={
0x00007aea7802d000, 0x00007aea78259f50, 0x00007aea7825b840, 0x00007aea7825d300,
0x00007aea7825ed10, 0x00007aea782605e0, 0x00007aea78271c80, 0x00007aea78273790,
0x00007aea782c50c0, 0x00007aea0c0e63e0, 0x00007aea001c6770, 0x00007aea001c7d80,
0x00007ae9f4002400, 0x00007ae9f400d770, 0x00007ae9fc066950
}
_java_thread_list_alloc_cnt=16, _java_thread_list_free_cnt=14, _java_thread_list_max=15, _nested_thread_list_max=0
_tlh_cnt=15, _tlh_times=0, avg_tlh_time=0.00, _tlh_time_max=0
_delete_lock_wait_cnt=0, _delete_lock_wait_max=0
_to_delete_list_cnt=0, _to_delete_list_max=1

Java Threads: ( => current thread )
  0x00007aea7802d000 JavaThread "main"                              [_thread_in_vm, id=92001, stack(0x00007aea81100000,0x00007aea81200000) (1024K)]
  0x00007aea78259f50 JavaThread "Reference Handler"          daemon [_thread_blocked, id=92214, stack(0x00007aea64100000,0x00007aea64200000) (1024K)]
  0x00007aea7825b840 JavaThread "Finalizer"                  daemon [_thread_blocked, id=92216, stack(0x00007aea64000000,0x00007aea64100000) (1024K)]
  0x00007aea7825d300 JavaThread "Signal Dispatcher"          daemon [_thread_blocked, id=92217, stack(0x00007aea5ff00000,0x00007aea60000000) (1024K)]
  0x00007aea7825ed10 JavaThread "Service Thread"             daemon [_thread_blocked, id=92218, stack(0x00007aea5fe00000,0x00007aea5ff00000) (1024K)]
  0x00007aea782605e0 JavaThread "Monitor Deflation Thread"   daemon [_thread_blocked, id=92219, stack(0x00007aea5fd00000,0x00007aea5fe00000) (1024K)]
=>0x00007aea78271c80 JavaThread "C2 CompilerThread0"         daemon [_thread_in_native, id=92220, stack(0x00007aea5fc00000,0x00007aea5fd00000) (1024K)]
  0x00007aea78273790 JavaThread "C1 CompilerThread0"         daemon [_thread_in_native, id=92221, stack(0x00007aea5fb00000,0x00007aea5fc00000) (1024K)]
  0x00007aea782c50c0 JavaThread "Common-Cleaner"             daemon [_thread_blocked, id=92288, stack(0x00007aea5e336000,0x00007aea5e436000) (1024K)]
  0x00007aea0c0e63e0 JavaThread "C1 CompilerThread1"         daemon [_thread_in_native, id=92565, stack(0x00007aea5e236000,0x00007aea5e336000) (1024K)]
  0x00007aea001c6770 JavaThread "C1 CompilerThread2"         daemon [_thread_in_native, id=92730, stack(0x00007aea5e136000,0x00007aea5e236000) (1024K)]
  0x00007aea001c7d80 JavaThread "C1 CompilerThread3"         daemon [_thread_in_native, id=92731, stack(0x00007aea5e036000,0x00007aea5e136000) (1024K)]
  0x00007ae9f4002400 JavaThread "C2 CompilerThread1"         daemon [_thread_in_native, id=92732, stack(0x00007aea5df36000,0x00007aea5e036000) (1024K)]
  0x00007ae9f400d770 JavaThread "C2 CompilerThread2"         daemon [_thread_in_native, id=92747, stack(0x00007aea5de36000,0x00007aea5df36000) (1024K)]
  0x00007ae9fc066950 JavaThread "C2 CompilerThread3"         daemon [_thread_in_native, id=92767, stack(0x00007aea5dd36000,0x00007aea5de36000) (1024K)]
Total: 15

Other Threads:
  0x00007aea781e90d0 VMThread "VM Thread"                           [id=92130, stack(0x00007aea64871000,0x00007aea64971000) (1024K)]
  0x00007aea780fd3f0 WatcherThread "VM Periodic Task Thread"        [id=92010, stack(0x00007aea64972000,0x00007aea64a72000) (1024K)]
  0x00007aea7807ef60 WorkerThread "GC Thread#0"                     [id=92002, stack(0x00007aea7c8a3000,0x00007aea7c9a3000) (1024K)]
  0x00007aea7808efd0 ConcurrentGCThread "G1 Main Marker"            [id=92003, stack(0x00007aea7c7a2000,0x00007aea7c8a2000) (1024K)]
  0x00007aea78090210 WorkerThread "G1 Conc#0"                       [id=92004, stack(0x00007aea7c6a1000,0x00007aea7c7a1000) (1024K)]
  0x00007aea780e7740 ConcurrentGCThread "G1 Refine#0"               [id=92006, stack(0x00007aea64bf5000,0x00007aea64cf5000) (1024K)]
  0x00007aea780e8980 ConcurrentGCThread "G1 Service"                [id=92007, stack(0x00007aea64af4000,0x00007aea64bf4000) (1024K)]
Total: 7

Threads with active compile tasks:
C2 CompilerThread0  65985    3       4       java.lang.Byte::toUnsignedInt (6 bytes)
C1 CompilerThread0  65985  141       3       jdk.internal.classfile.impl.StackMapGenerator::processBlock (2767 bytes)
C1 CompilerThread1  65985  277       3       sun.nio.fs.NativeBuffers::releaseNativeBuffer (97 bytes)
C1 CompilerThread2  65985  285       3       java.util.HashSet::add (20 bytes)
C1 CompilerThread3  65986  284       3       sun.nio.fs.UnixPath::resolve (17 bytes)
C2 CompilerThread1  65986  173       4       java.lang.StringCoding::countNonZeroAsciiLatin1 (33 bytes)
C2 CompilerThread2  65986  207   !   4       sun.nio.fs.UnixPath::initOffsets (189 bytes)
C2 CompilerThread3  65986  205       4       jdk.internal.util.ArraysSupport::unsignedHashCode (36 bytes)
Total: 8

VM state: not at safepoint (normal execution)

VM Mutex/Monitor currently owned by a thread: None

Heap address: 0x00000000a4200000, size: 1470 MB, Compressed Oops mode: 32-bit

CDS archive(s) not mapped
Compressed class space mapped at: 0x0000000047000000-0x0000000087000000, reserved size: 1073741824
UseCompressedClassPointers 1, UseCompactObjectHeaders 0
Narrow klass pointer bits 32, Max shift 3
Narrow klass base: 0x0000000000000000, Narrow klass shift: 0
Encoding Range: [0x0000000000000000 - 0x0000000100000000), (4294967296 bytes)
Klass Range:    [0x0000000047000000 - 0x0000000087000000), (1073741824 bytes)
Klass ID Range:  [1191182336 - 2264924153) (1073741817)

GC Precious Log:
 CardTable entry size: 512
 Card Set container configuration: InlinePtr #cards 5 size 8 Array Of Cards #cards 10 size 36 Howl #buckets 4 coarsen threshold 1843 Howl Bitmap #cards 512 size 80 coarsen threshold 460 Card regions per heap region 1 cards per card region 2048
 CPUs: 128 total, 24 available
 Memory: 5876M
 Large Page Support: Disabled
 NUMA Support: Disabled
 Compressed Oops: Enabled (32-bit)
 Heap Region Size: 1M
 Heap Min Capacity: 8M
 Heap Initial Capacity: 8M
 Heap Max Capacity: 1470M
 Pre-touch: Disabled
 Parallel Workers: 18
 Concurrent Workers: 5
 Concurrent Refinement Workers: 18
 Periodic GC: Disabled

Heap:
 garbage-first heap   total reserved 1505280K, committed 8192K, used 3072K [0x00000000a4200000, 0x0000000100000000)
  region size 1024K, 4 young (4096K), 0 survivors (0K)
 Metaspace       used 7347K, committed 7424K, reserved 1114112K
  class space    used 468K, committed 512K, reserved 1048576K

Heap Regions: E=young(eden), S=young(survivor), O=old, HS=humongous(starts), HC=humongous(continues), CS=collection set, F=free, TAMS=top-at-mark-start, PB=parsable bottom
|   0|0x00000000a4200000, 0x00000000a4200000, 0x00000000a4300000|  0%| F|  |TAMS 0x00000000a4200000| PB 0x00000000a4200000| Untracked |  0
|   1|0x00000000a4300000, 0x00000000a4300000, 0x00000000a4400000|  0%| F|  |TAMS 0x00000000a4300000| PB 0x00000000a4300000| Untracked |  0
|   2|0x00000000a4400000, 0x00000000a4400000, 0x00000000a4500000|  0%| F|  |TAMS 0x00000000a4400000| PB 0x00000000a4400000| Untracked |  0
|   3|0x00000000a4500000, 0x00000000a4500000, 0x00000000a4600000|  0%| F|  |TAMS 0x00000000a4500000| PB 0x00000000a4500000| Untracked |  0
|   4|0x00000000a4600000, 0x00000000a46b8630, 0x00000000a4700000| 72%| E|  |TAMS 0x00000000a4600000| PB 0x00000000a4600000| Complete |  0
|   5|0x00000000a4700000, 0x00000000a4800000, 0x00000000a4800000|100%| E|CS|TAMS 0x00000000a4700000| PB 0x00000000a4700000| Complete |  0
|   6|0x00000000a4800000, 0x00000000a4900000, 0x00000000a4900000|100%| E|CS|TAMS 0x00000000a4800000| PB 0x00000000a4800000| Complete |  0
|   7|0x00000000a4900000, 0x00000000a4a00000, 0x00000000a4a00000|100%| E|CS|TAMS 0x00000000a4900000| PB 0x00000000a4900000| Complete |  0

Card table byte_map: [0x00007aea7ca5e000,0x00007aea7cd3d000] _byte_map_base: 0x00007aea7c53d000

Marking Bits: (CMBitMap*) 0x00007aea7807fca0
 Bits: [0x00007aea67908000, 0x00007aea69000000)

Polling page: 0x00007aea815c2000

Metaspace:

Usage:
  Non-class:      6.72 MB used.
      Class:    468.08 KB used.
       Both:      7.18 MB used.

Virtual space:
  Non-class space:       64.00 MB reserved,       6.75 MB ( 11%) committed,  1 nodes.
      Class space:        1.00 GB reserved,     512.00 KB ( <1%) committed,  1 nodes.
             Both:        1.06 GB reserved,       7.25 MB ( <1%) committed. 

Chunk freelists:
   Non-Class:  8.95 MB
       Class:  15.50 MB
        Both:  24.45 MB

MaxMetaspaceSize: unlimited
CompressedClassSpaceSize: 1.00 GB
Initial GC threshold: 21.00 MB
Current GC threshold: 21.00 MB
CDS: off
 - commit_granule_bytes: 65536.
 - commit_granule_words: 8192.
 - virtual_space_node_default_size: 8388608.
 - enlarge_chunks_in_place: 1.
UseCompressedClassPointers 1, UseCompactObjectHeaders 0
Narrow klass pointer bits 32, Max shift 3
Narrow klass base: 0x0000000000000000, Narrow klass shift: 0
Encoding Range: [0x0000000000000000 - 0x0000000100000000), (4294967296 bytes)
Klass Range:    [0x0000000047000000 - 0x0000000087000000), (1073741824 bytes)
Klass ID Range:  [1191182336 - 2264924153) (1073741817)


Internal statistics:

num_allocs: 50201.
num_deallocs: 49.
num_allocs_from_deallocated_blocks: 140.
num_chunks_retired: 5.
num_allocs_failed_limit: 0.
num_arena_births: 56.
num_arena_deaths: 0.
num_vsnodes_births: 2.
num_vsnodes_deaths: 0.
num_space_committed: 116.
num_space_uncommitted: 0.
num_chunks_returned_to_freelist: 0.
num_chunks_taken_from_freelist: 62.
num_chunk_merges: 0.
num_chunk_splits: 42.
num_chunks_enlarged: 52.
num_inconsistent_stats: 0.

CodeHeap 'non-profiled nmethods': size=119172Kb used=76Kb max_used=76Kb free=119095Kb
 bounds [0x00007aea70b9f000, 0x00007aea70e0f000, 0x00007aea78000000]
CodeHeap 'profiled nmethods': size=119164Kb used=264Kb max_used=264Kb free=118899Kb
 bounds [0x00007aea69000000, 0x00007aea69270000, 0x00007aea7045f000]
CodeHeap 'non-nmethods': size=7424Kb used=3531Kb max_used=3531Kb free=3892Kb
 bounds [0x00007aea7045f000, 0x00007aea707df000, 0x00007aea70b9f000]
CodeCache: size=245760Kb, used=3871Kb, max_used=3871Kb, free=241886Kb
 total_blobs=1000, nmethods=267, adapters=645, full_count=0
Compilation: enabled, stopped_count=0, restarted_count=0

Compilation events (6 events):
Event: 1.220 Thread 0x00007aea78273790    1       3       java.lang.Byte::toUnsignedInt (6 bytes)
Event: 1.222 Thread 0x00007aea78273790 nmethod 1 0x00007aea69000008 code [0x00007aea69000120, 0x00007aea69000218]
Event: 1.240 Thread 0x00007aea78273790    2       3       java.lang.Object::<init> (1 bytes)
Event: 1.243 Thread 0x00007aea78273790 nmethod 2 0x00007aea69000308 code [0x00007aea69000420, 0x00007aea69000530]
Event: 1.357 Thread 0x00007aea78271c80    3       4       java.lang.Byte::toUnsignedInt (6 bytes)
Event: 1.358 Thread 0x00007aea78273790    5       3       jdk.internal.util.ArraysSupport::unsignedHashCode (36 bytes)

GC Heap History (0 events):
No events

Dll operation events (5 events):
Event: 0.006 Loaded shared library /home/wlr/jdk/build/linux-x86_64-server-slowdebug/jdk/lib/libjava.so
Event: 0.017 Loading shared library vmGuestLib failed, vmGuestLib: cannot open shared object file: No such file or directory
Event: 0.017 Loading shared library /usr/lib64/libguestlib.so.0 failed, /usr/lib64/libguestlib.so.0: cannot open shared object file: No such file or directory
Event: 1.218 Loaded shared library /home/wlr/jdk/build/linux-x86_64-server-slowdebug/jdk/lib/libsimdsort.so
Event: 1.218 Loaded shared library /home/wlr/jdk/build/linux-x86_64-server-slowdebug/jdk/lib/libjsvml.so

Deoptimization events (0 events):
No events

Classes loaded (20 events):
Event: 1.316 Loading class java/io/File
Event: 1.321 Loading class java/io/File done
Event: 1.322 Loading class java/io/DefaultFileSystem
Event: 1.323 Loading class java/io/DefaultFileSystem done
Event: 1.324 Loading class java/io/UnixFileSystem
Event: 1.326 Loading class java/io/FileSystem
Event: 1.328 Loading class java/io/FileSystem done
Event: 1.328 Loading class java/io/UnixFileSystem done
Event: 1.338 Loading class jdk/internal/util/DecimalDigits
Event: 1.339 Loading class jdk/internal/util/DecimalDigits done
Event: 1.340 Loading class jdk/internal/module/ModulePatcher
Event: 1.342 Loading class jdk/internal/module/ModulePatcher done
Event: 1.344 Loading class jdk/internal/module/ModuleBootstrap$IllegalNativeAccess
Event: 1.345 Loading class jdk/internal/module/ModuleBootstrap$IllegalNativeAccess done
Event: 1.347 Loading class java/util/HashSet
Event: 1.349 Loading class java/util/HashSet done
Event: 1.351 Loading class jdk/internal/module/ModuleLoaderMap
Event: 1.352 Loading class jdk/internal/module/ModuleLoaderMap done
Event: 1.352 Loading class jdk/internal/module/ModuleLoaderMap$Modules
Event: 1.355 Loading class jdk/internal/module/ModuleLoaderMap$Modules done

Classes unloaded (0 events):
No events

Classes redefined (0 events):
No events

Internal exceptions (0 events):
No events

VM Operations (0 events):
No events

Memory protections (8 events):
Event: 0.004 Protecting memory [0x00007aea81100000,0x00007aea81104000] with protection modes 0
Event: 1.181 Protecting memory [0x00007aea64100000,0x00007aea64104000] with protection modes 0
Event: 1.183 Protecting memory [0x00007aea64000000,0x00007aea64004000] with protection modes 0
Event: 1.203 Protecting memory [0x00007aea5ff00000,0x00007aea5ff04000] with protection modes 0
Event: 1.204 Protecting memory [0x00007aea5fe00000,0x00007aea5fe04000] with protection modes 0
Event: 1.204 Protecting memory [0x00007aea5fd00000,0x00007aea5fd04000] with protection modes 0
Event: 1.205 Protecting memory [0x00007aea5fc00000,0x00007aea5fc04000] with protection modes 0
Event: 1.206 Protecting memory [0x00007aea5fb00000,0x00007aea5fb04000] with protection modes 0

Nmethod flushes (0 events):
No events

Events (8 events):
Event: 0.079 Thread 0x00007aea7802d000 Thread added: 0x00007aea7802d000
Event: 1.181 Thread 0x00007aea7802d000 Thread added: 0x00007aea78259f50
Event: 1.183 Thread 0x00007aea7802d000 Thread added: 0x00007aea7825b840
Event: 1.203 Thread 0x00007aea7802d000 Thread added: 0x00007aea7825d300
Event: 1.204 Thread 0x00007aea7802d000 Thread added: 0x00007aea7825ed10
Event: 1.204 Thread 0x00007aea7802d000 Thread added: 0x00007aea782605e0
Event: 1.205 Thread 0x00007aea7802d000 Thread added: 0x00007aea78271c80
Event: 1.206 Thread 0x00007aea7802d000 Thread added: 0x00007aea78273790


Dynamic libraries:
47000000-47010000 rw-p 00000000 00:00 0 
47010000-47030000 rw-p 00000000 00:00 0 
47030000-47080000 rw-p 00000000 00:00 0 
47080000-87000000 ---p 00000000 00:00 0 
a4200000-a4a00000 rw-p 00000000 00:00 0 
a4a00000-100000000 ---p 00000000 00:00 0 
5d3daca66000-5d3daca67000 r--p 00000000 08:02 4458028                    /home/wlr/jdk/build/linux-x86_64-server-slowdebug/jdk/bin/javac
5d3daca67000-5d3daca68000 r-xp 00001000 08:02 4458028                    /home/wlr/jdk/build/linux-x86_64-server-slowdebug/jdk/bin/javac
5d3daca68000-5d3daca69000 r--p 00002000 08:02 4458028                    /home/wlr/jdk/build/linux-x86_64-server-slowdebug/jdk/bin/javac
5d3daca69000-5d3daca6a000 r--p 00002000 08:02 4458028                    /home/wlr/jdk/build/linux-x86_64-server-slowdebug/jdk/bin/javac
5d3daca6a000-5d3daca6b000 rw-p 00003000 08:02 4458028                    /home/wlr/jdk/build/linux-x86_64-server-slowdebug/jdk/bin/javac
5d3daf9c8000-5d3dafa0f000 rw-p 00000000 00:00 0                          [heap]
7ae9e4000000-7ae9e4021000 rw-p 00000000 00:00 0 
7ae9e4021000-7ae9e8000000 ---p 00000000 00:00 0 
7ae9e8000000-7ae9e805a000 rw-p 00000000 00:00 0 
7ae9e805a000-7ae9ec000000 ---p 00000000 00:00 0 
7ae9f0000000-7ae9f0021000 rw-p 00000000 00:00 0 
7ae9f0021000-7ae9f4000000 ---p 00000000 00:00 0 
7ae9f4000000-7ae9f405d000 rw-p 00000000 00:00 0 
7ae9f405d000-7ae9f8000000 ---p 00000000 00:00 0 
7ae9fc000000-7ae9fc06a000 rw-p 00000000 00:00 0 
7ae9fc06a000-7aea00000000 ---p 00000000 00:00 0 
7aea00000000-7aea0023c000 rw-p 00000000 00:00 0 
7aea0023c000-7aea04000000 ---p 00000000 00:00 0 
7aea08000000-7aea08021000 rw-p 00000000 00:00 0 
7aea08021000-7aea0c000000 ---p 00000000 00:00 0 
7aea0c000000-7aea0c2db000 rw-p 00000000 00:00 0 
7aea0c2db000-7aea10000000 ---p 00000000 00:00 0 
7aea14000000-7aea14084000 rw-p 00000000 00:00 0 
7aea14084000-7aea18000000 ---p 00000000 00:00 0 
7aea18000000-7aea18021000 rw-p 00000000 00:00 0 
7aea18021000-7aea1c000000 ---p 00000000 00:00 0 
7aea20000000-7aea20021000 rw-p 00000000 00:00 0 
7aea20021000-7aea24000000 ---p 00000000 00:00 0 
7aea24000000-7aea24021000 rw-p 00000000 00:00 0 
7aea24021000-7aea28000000 ---p 00000000 00:00 0 
7aea2c000000-7aea2c021000 rw-p 00000000 00:00 0 
7aea2c021000-7aea30000000 ---p 00000000 00:00 0 
7aea30000000-7aea30021000 rw-p 00000000 00:00 0 
7aea30021000-7aea34000000 ---p 00000000 00:00 0 
7aea38000000-7aea38021000 rw-p 00000000 00:00 0 
7aea38021000-7aea3c000000 ---p 00000000 00:00 0 
7aea3c000000-7aea3c5f0000 rw-p 00000000 00:00 0 
7aea3c5f0000-7aea3c610000 rw-p 00000000 00:00 0 
7aea3c610000-7aea3c700000 ---p 00000000 00:00 0 
7aea3c700000-7aea3c7b0000 rw-p 00000000 00:00 0 
7aea3c7b0000-7aea40000000 ---p 00000000 00:00 0 
7aea40000000-7aea40021000 rw-p 00000000 00:00 0 
7aea40021000-7aea44000000 ---p 00000000 00:00 0 
7aea48000000-7aea48021000 rw-p 00000000 00:00 0 
7aea48021000-7aea4c000000 ---p 00000000 00:00 0 
7aea4c000000-7aea4c021000 rw-p 00000000 00:00 0 
7aea4c021000-7aea50000000 ---p 00000000 00:00 0 
7aea54000000-7aea54021000 rw-p 00000000 00:00 0 
7aea54021000-7aea58000000 ---p 00000000 00:00 0 
7aea58000000-7aea58021000 rw-p 00000000 00:00 0 
7aea58021000-7aea5c000000 ---p 00000000 00:00 0 
7aea5c713000-7aea5dd36000 rw-p 00000000 00:00 0 
7aea5dd36000-7aea5dd3a000 ---p 00000000 00:00 0 
7aea5dd3a000-7aea5de36000 rw-p 00000000 00:00 0 
7aea5de36000-7aea5de3a000 ---p 00000000 00:00 0 
7aea5de3a000-7aea5df36000 rw-p 00000000 00:00 0 
7aea5df36000-7aea5df3a000 ---p 00000000 00:00 0 
7aea5df3a000-7aea5e036000 rw-p 00000000 00:00 0 
7aea5e036000-7aea5e03a000 ---p 00000000 00:00 0 
7aea5e03a000-7aea5e136000 rw-p 00000000 00:00 0 
7aea5e136000-7aea5e13a000 ---p 00000000 00:00 0 
7aea5e13a000-7aea5e236000 rw-p 00000000 00:00 0 
7aea5e236000-7aea5e23a000 ---p 00000000 00:00 0 
7aea5e23a000-7aea5e336000 rw-p 00000000 00:00 0 
7aea5e336000-7aea5e33a000 ---p 00000000 00:00 0 
7aea5e33a000-7aea5e436000 rw-p 00000000 00:00 0 
7aea5e436000-7aea5fa30000 rw-p 00000000 00:00 0 
7aea5fa30000-7aea5fa34000 r--p 00000000 08:02 4241721                    /home/wlr/jdk/build/linux-x86_64-server-slowdebug/jdk/lib/libjsvml.so
7aea5fa34000-7aea5fa75000 r-xp 00004000 08:02 4241721                    /home/wlr/jdk/build/linux-x86_64-server-slowdebug/jdk/lib/libjsvml.so
7aea5fa75000-7aea5fafe000 r--p 00045000 08:02 4241721                    /home/wlr/jdk/build/linux-x86_64-server-slowdebug/jdk/lib/libjsvml.so
7aea5fafe000-7aea5faff000 r--p 000cd000 08:02 4241721                    /home/wlr/jdk/build/linux-x86_64-server-slowdebug/jdk/lib/libjsvml.so
7aea5faff000-7aea5fb00000 rw-p 000ce000 08:02 4241721                    /home/wlr/jdk/build/linux-x86_64-server-slowdebug/jdk/lib/libjsvml.so
7aea5fb00000-7aea5fb04000 ---p 00000000 00:00 0 
7aea5fb04000-7aea5fc00000 rw-p 00000000 00:00 0 
7aea5fc00000-7aea5fc04000 ---p 00000000 00:00 0 
7aea5fc04000-7aea5fd00000 rw-p 00000000 00:00 0 
7aea5fd00000-7aea5fd04000 ---p 00000000 00:00 0 
7aea5fd04000-7aea5fe00000 rw-p 00000000 00:00 0 
7aea5fe00000-7aea5fe04000 ---p 00000000 00:00 0 
7aea5fe04000-7aea5ff00000 rw-p 00000000 00:00 0 
7aea5ff00000-7aea5ff04000 ---p 00000000 00:00 0 
7aea5ff04000-7aea60000000 rw-p 00000000 00:00 0 
7aea60000000-7aea60021000 rw-p 00000000 00:00 0 
7aea60021000-7aea64004000 ---p 00000000 00:00 0 
7aea64004000-7aea64100000 rw-p 00000000 00:00 0 
7aea64100000-7aea64104000 ---p 00000000 00:00 0 
7aea64104000-7aea64200000 rw-p 00000000 00:00 0 
7aea64200000-7aea64775000 r--p 00000000 08:02 2753455                    /usr/lib/locale/locale-archive
7aea6477c000-7aea6477f000 r--p 00000000 08:02 4241693                    /home/wlr/jdk/build/linux-x86_64-server-slowdebug/jdk/lib/libsimdsort.so
7aea6477f000-7aea64804000 r-xp 00003000 08:02 4241693                    /home/wlr/jdk/build/linux-x86_64-server-slowdebug/jdk/lib/libsimdsort.so
7aea64804000-7aea64815000 r--p 00088000 08:02 4241693                    /home/wlr/jdk/build/linux-x86_64-server-slowdebug/jdk/lib/libsimdsort.so
7aea64815000-7aea64816000 r--p 00098000 08:02 4241693                    /home/wlr/jdk/build/linux-x86_64-server-slowdebug/jdk/lib/libsimdsort.so
7aea64816000-7aea64817000 rw-p 00099000 08:02 4241693                    /home/wlr/jdk/build/linux-x86_64-server-slowdebug/jdk/lib/libsimdsort.so
7aea64817000-7aea64870000 r--p 00000000 08:02 2768380                    /usr/lib/locale/C.utf8/LC_CTYPE
7aea64870000-7aea64871000 ---p 00000000 00:00 0 
7aea64871000-7aea64971000 rw-p 00000000 00:00 0 
7aea64971000-7aea64972000 ---p 00000000 00:00 0 
7aea64972000-7aea64a72000 rw-p 00000000 00:00 0 
7aea64a72000-7aea64af3000 rw-p 00000000 00:00 0 
7aea64af3000-7aea64af4000 ---p 00000000 00:00 0 
7aea64af4000-7aea64bf4000 rw-p 00000000 00:00 0 
7aea64bf4000-7aea64bf5000 ---p 00000000 00:00 0 
7aea64bf5000-7aea64cf5000 rw-p 00000000 00:00 0 
7aea64cf5000-7aea67800000 rw-p 00000000 00:00 0 
7aea67807000-7aea67928000 rw-p 00000000 00:00 0 
7aea67928000-7aea69000000 ---p 00000000 00:00 0 
7aea69000000-7aea69270000 rwxp 00000000 00:00 0 
7aea69270000-7aea7045f000 ---p 00000000 00:00 0 
7aea7045f000-7aea707df000 rwxp 00000000 00:00 0 
7aea707df000-7aea70b9f000 ---p 00000000 00:00 0 
7aea70b9f000-7aea70e0f000 rwxp 00000000 00:00 0 
7aea70e0f000-7aea78000000 ---p 00000000 00:00 0 
7aea78000000-7aea784e1000 rw-p 00000000 00:00 0 
7aea784e1000-7aea7c000000 ---p 00000000 00:00 0 
7aea7c01e000-7aea7c6a0000 rw-p 00000000 00:00 0 
7aea7c6a0000-7aea7c6a1000 ---p 00000000 00:00 0 
7aea7c6a1000-7aea7c7a1000 rw-p 00000000 00:00 0 
7aea7c7a1000-7aea7c7a2000 ---p 00000000 00:00 0 
7aea7c7a2000-7aea7c8a2000 rw-p 00000000 00:00 0 
7aea7c8a2000-7aea7c8a3000 ---p 00000000 00:00 0 
7aea7c8a3000-7aea7c9a3000 rw-p 00000000 00:00 0 
7aea7c9a3000-7aea7ca62000 rw-p 00000000 00:00 0 
7aea7ca62000-7aea7cd3d000 ---p 00000000 00:00 0 
7aea7cd3d000-7aea7cd41000 rw-p 00000000 00:00 0 
7aea7cd41000-7aea7d01c000 ---p 00000000 00:00 0 
7aea7d01c000-7aea7e233000 rw-p 00000000 00:00 0 
7aea7e233000-7aea7e317000 ---p 00000000 00:00 0 
7aea7e317000-7aea7e31c000 rw-p 00000000 00:00 0 
7aea7e31c000-7aea7e400000 ---p 00000000 00:00 0 
7aea7e400000-7aea7e811000 r--p 00000000 08:02 4456570                    /home/wlr/jdk/build/linux-x86_64-server-slowdebug/jdk/lib/server/libjvm.so
7aea7e811000-7aea7fe78000 r-xp 00411000 08:02 4456570                    /home/wlr/jdk/build/linux-x86_64-server-slowdebug/jdk/lib/server/libjvm.so
7aea7fe78000-7aea80e46000 r--p 01a78000 08:02 4456570                    /home/wlr/jdk/build/linux-x86_64-server-slowdebug/jdk/lib/server/libjvm.so
7aea80e46000-7aea80f50000 r--p 02a45000 08:02 4456570                    /home/wlr/jdk/build/linux-x86_64-server-slowdebug/jdk/lib/server/libjvm.so
7aea80f50000-7aea80fcd000 rw-p 02b4f000 08:02 4456570                    /home/wlr/jdk/build/linux-x86_64-server-slowdebug/jdk/lib/server/libjvm.so
7aea80fcd000-7aea81094000 rw-p 00000000 00:00 0 
7aea81099000-7aea81100000 rw-p 00000000 00:00 0 
7aea81100000-7aea81104000 ---p 00000000 00:00 0 
7aea81104000-7aea81200000 rw-p 00000000 00:00 0 
7aea81200000-7aea81228000 r--p 00000000 08:02 2772246                    /usr/lib/x86_64-linux-gnu/libc.so.6
7aea81228000-7aea813b0000 r-xp 00028000 08:02 2772246                    /usr/lib/x86_64-linux-gnu/libc.so.6
7aea813b0000-7aea813ff000 r--p 001b0000 08:02 2772246                    /usr/lib/x86_64-linux-gnu/libc.so.6
7aea813ff000-7aea81403000 r--p 001fe000 08:02 2772246                    /usr/lib/x86_64-linux-gnu/libc.so.6
7aea81403000-7aea81405000 rw-p 00202000 08:02 2772246                    /usr/lib/x86_64-linux-gnu/libc.so.6
7aea81405000-7aea81412000 rw-p 00000000 00:00 0 
7aea81415000-7aea81418000 r--p 00000000 08:02 4241673                    /home/wlr/jdk/build/linux-x86_64-server-slowdebug/jdk/lib/libnet.so
7aea81418000-7aea81423000 r-xp 00003000 08:02 4241673                    /home/wlr/jdk/build/linux-x86_64-server-slowdebug/jdk/lib/libnet.so
7aea81423000-7aea81425000 r--p 0000e000 08:02 4241673                    /home/wlr/jdk/build/linux-x86_64-server-slowdebug/jdk/lib/libnet.so
7aea81425000-7aea81426000 r--p 00010000 08:02 4241673                    /home/wlr/jdk/build/linux-x86_64-server-slowdebug/jdk/lib/libnet.so
7aea81426000-7aea81427000 rw-p 00011000 08:02 4241673                    /home/wlr/jdk/build/linux-x86_64-server-slowdebug/jdk/lib/libnet.so
7aea81427000-7aea8142d000 r--p 00000000 08:02 4241689                    /home/wlr/jdk/build/linux-x86_64-server-slowdebug/jdk/lib/libnio.so
7aea8142d000-7aea81439000 r-xp 00006000 08:02 4241689                    /home/wlr/jdk/build/linux-x86_64-server-slowdebug/jdk/lib/libnio.so
7aea81439000-7aea8143c000 r--p 00012000 08:02 4241689                    /home/wlr/jdk/build/linux-x86_64-server-slowdebug/jdk/lib/libnio.so
7aea8143c000-7aea8143d000 r--p 00015000 08:02 4241689                    /home/wlr/jdk/build/linux-x86_64-server-slowdebug/jdk/lib/libnio.so
7aea8143d000-7aea8143e000 rw-p 00016000 08:02 4241689                    /home/wlr/jdk/build/linux-x86_64-server-slowdebug/jdk/lib/libnio.so
7aea8143e000-7aea8143f000 r--p 00000000 08:02 2769281                    /usr/lib/locale/C.utf8/LC_NUMERIC
7aea8143f000-7aea81440000 r--p 00000000 08:02 2769284                    /usr/lib/locale/C.utf8/LC_TIME
7aea81440000-7aea81441000 r--p 00000000 08:02 2768332                    /usr/lib/locale/C.utf8/LC_COLLATE
7aea81441000-7aea81442000 r--p 00000000 08:02 2768559                    /usr/lib/locale/C.utf8/LC_MONETARY
7aea81442000-7aea81443000 r--p 00000000 08:02 2768523                    /usr/lib/locale/C.utf8/LC_MESSAGES/SYS_LC_MESSAGES
7aea81443000-7aea81444000 r--p 00000000 08:02 2769282                    /usr/lib/locale/C.utf8/LC_PAPER
7aea81444000-7aea81445000 r--p 00000000 08:02 2769280                    /usr/lib/locale/C.utf8/LC_NAME
7aea81445000-7aea81446000 r--p 00000000 08:02 2768331                    /usr/lib/locale/C.utf8/LC_ADDRESS
7aea81446000-7aea81447000 r--p 00000000 08:02 2769283                    /usr/lib/locale/C.utf8/LC_TELEPHONE
7aea81447000-7aea8144e000 rw-p 00000000 00:00 0 
7aea8144e000-7aea81456000 ---p 00000000 00:00 0 
7aea81456000-7aea81462000 r--p 00000000 08:02 4241670                    /home/wlr/jdk/build/linux-x86_64-server-slowdebug/jdk/lib/libjava.so
7aea81462000-7aea81479000 r-xp 0000c000 08:02 4241670                    /home/wlr/jdk/build/linux-x86_64-server-slowdebug/jdk/lib/libjava.so
7aea81479000-7aea8147f000 r--p 00023000 08:02 4241670                    /home/wlr/jdk/build/linux-x86_64-server-slowdebug/jdk/lib/libjava.so
7aea8147f000-7aea81480000 r--p 00028000 08:02 4241670                    /home/wlr/jdk/build/linux-x86_64-server-slowdebug/jdk/lib/libjava.so
7aea81480000-7aea81482000 rw-p 00029000 08:02 4241670                    /home/wlr/jdk/build/linux-x86_64-server-slowdebug/jdk/lib/libjava.so
7aea81482000-7aea81486000 r--p 00000000 08:02 4241669                    /home/wlr/jdk/build/linux-x86_64-server-slowdebug/jdk/lib/libjimage.so
7aea81486000-7aea814a0000 r-xp 00004000 08:02 4241669                    /home/wlr/jdk/build/linux-x86_64-server-slowdebug/jdk/lib/libjimage.so
7aea814a0000-7aea814a7000 r--p 0001e000 08:02 4241669                    /home/wlr/jdk/build/linux-x86_64-server-slowdebug/jdk/lib/libjimage.so
7aea814a7000-7aea814a9000 r--p 00024000 08:02 4241669                    /home/wlr/jdk/build/linux-x86_64-server-slowdebug/jdk/lib/libjimage.so
7aea814a9000-7aea814aa000 rw-p 00026000 08:02 4241669                    /home/wlr/jdk/build/linux-x86_64-server-slowdebug/jdk/lib/libjimage.so
7aea814aa000-7aea814ba000 r--p 00000000 08:02 2772249                    /usr/lib/x86_64-linux-gnu/libm.so.6
7aea814ba000-7aea81539000 r-xp 00010000 08:02 2772249                    /usr/lib/x86_64-linux-gnu/libm.so.6
7aea81539000-7aea81591000 r--p 0008f000 08:02 2772249                    /usr/lib/x86_64-linux-gnu/libm.so.6
7aea81591000-7aea81592000 r--p 000e7000 08:02 2772249                    /usr/lib/x86_64-linux-gnu/libm.so.6
7aea81592000-7aea81593000 rw-p 000e8000 08:02 2772249                    /usr/lib/x86_64-linux-gnu/libm.so.6
7aea81593000-7aea81595000 rw-p 00000000 00:00 0 
7aea81595000-7aea81597000 r--p 00000000 08:02 2768645                    /usr/lib/x86_64-linux-gnu/libz.so.1.3
7aea81597000-7aea815a9000 r-xp 00002000 08:02 2768645                    /usr/lib/x86_64-linux-gnu/libz.so.1.3
7aea815a9000-7aea815af000 r--p 00014000 08:02 2768645                    /usr/lib/x86_64-linux-gnu/libz.so.1.3
7aea815af000-7aea815b0000 r--p 0001a000 08:02 2768645                    /usr/lib/x86_64-linux-gnu/libz.so.1.3
7aea815b0000-7aea815b1000 rw-p 0001b000 08:02 2768645                    /usr/lib/x86_64-linux-gnu/libz.so.1.3
7aea815b1000-7aea815b2000 r--p 00000000 08:02 2768446                    /usr/lib/locale/C.utf8/LC_MEASUREMENT
7aea815b2000-7aea815b9000 r--s 00000000 08:02 2772233                    /usr/lib/x86_64-linux-gnu/gconv/gconv-modules.cache
7aea815b9000-7aea815ba000 r--p 00000000 08:02 2768418                    /usr/lib/locale/C.utf8/LC_IDENTIFICATION
7aea815ba000-7aea815c2000 rw-s 00000000 08:02 670812                     /tmp/hsperfdata_wlr/91998
7aea815c2000-7aea815c3000 ---p 00000000 00:00 0 
7aea815c3000-7aea815c4000 r--p 00000000 00:00 0 
7aea815c4000-7aea815c5000 ---p 00000000 00:00 0 
7aea815c5000-7aea815c8000 r--p 00000000 08:02 4241672                    /home/wlr/jdk/build/linux-x86_64-server-slowdebug/jdk/lib/libjli.so
7aea815c8000-7aea815d7000 r-xp 00003000 08:02 4241672                    /home/wlr/jdk/build/linux-x86_64-server-slowdebug/jdk/lib/libjli.so
7aea815d7000-7aea815db000 r--p 00012000 08:02 4241672                    /home/wlr/jdk/build/linux-x86_64-server-slowdebug/jdk/lib/libjli.so
7aea815db000-7aea815dc000 r--p 00015000 08:02 4241672                    /home/wlr/jdk/build/linux-x86_64-server-slowdebug/jdk/lib/libjli.so
7aea815dc000-7aea815dd000 rw-p 00016000 08:02 4241672                    /home/wlr/jdk/build/linux-x86_64-server-slowdebug/jdk/lib/libjli.so
7aea815dd000-7aea815df000 rw-p 00000000 00:00 0 
7aea815df000-7aea815e3000 r--p 00000000 00:00 0                          [vvar]
7aea815e3000-7aea815e5000 r-xp 00000000 00:00 0                          [vdso]
7aea815e5000-7aea815e6000 r--p 00000000 08:02 2772243                    /usr/lib/x86_64-linux-gnu/ld-linux-x86-64.so.2
7aea815e6000-7aea81611000 r-xp 00001000 08:02 2772243                    /usr/lib/x86_64-linux-gnu/ld-linux-x86-64.so.2
7aea81611000-7aea8161b000 r--p 0002c000 08:02 2772243                    /usr/lib/x86_64-linux-gnu/ld-linux-x86-64.so.2
7aea8161b000-7aea8161d000 r--p 00036000 08:02 2772243                    /usr/lib/x86_64-linux-gnu/ld-linux-x86-64.so.2
7aea8161d000-7aea8161f000 rw-p 00038000 08:02 2772243                    /usr/lib/x86_64-linux-gnu/ld-linux-x86-64.so.2
7ffd57050000-7ffd57072000 rw-p 00000000 00:00 0                          [stack]
ffffffffff600000-ffffffffff601000 --xp 00000000 00:00 0                  [vsyscall]
Total number of mappings: 214

JVMTI agents: none


VM Arguments:
jvm_args: -Denv.class.path= -Dapplication.home=/home/wlr/jdk/build/linux-x86_64-server-slowdebug/jdk --add-modules=ALL-DEFAULT -Xms8m -Djava.io.tmpdir=/home/wlr/jdk/build/linux-x86_64-server-slowdebug/support/javatmp -Djdk.module.main=jdk.compiler 
java_command: jdk.compiler/com.sun.tools.javac.Main -g -Xlint:all -source 25 -target 25 -implicit:none -Xprefer:source -XDignore.symbol.file=true -encoding ascii -Werror --add-modules jdk.compiler,jdk.jdeps --add-exports jdk.compiler/com.sun.tools.javac.api=ALL-UNNAMED --add-exports jdk.compiler/com.sun.tools.javac.code=ALL-UNNAMED --add-exports jdk.compiler/com.sun.tools.javac.util=ALL-UNNAMED --add-exports jdk.compiler/com.sun.tools.javac.jvm=ALL-UNNAMED --add-exports jdk.jdeps/com.sun.tools.classfile=ALL-UNNAMED -Xlint:-options -XDmodifiedInputs=/home/wlr/jdk/build/linux-x86_64-server-slowdebug/buildtools/create_symbols_javac/_the.COMPILE_CREATE_SYMBOLS_batch.modfiles.fixed -d /home/wlr/jdk/build/linux-x86_64-server-slowdebug/buildtools/create_symbols_javac @/home/wlr/jdk/build/linux-x86_64-server-slowdebug/buildtools/create_symbols_javac/_the.COMPILE_CREATE_SYMBOLS_batch.filelist
java_class_path (initial): <not set>
Launcher Type: SUN_STANDARD

[Global flags]
     bool AOTInvokeDynamicLinking                  = false                                  {diagnostic} {ergonomic}     AOT-link JVM_CONSTANT_InvokeDynamic entries in cached ConstantPools
     intx CICompilerCount                          = 12                                        {product} {ergonomic}     Number of compiler threads to run
     uint ConcGCThreads                            = 5                                         {product} {ergonomic}     Number of threads concurrent gc will use
     uint G1ConcRefinementThreads                  = 18                                        {product} {ergonomic}     The number of parallel remembered set update threads. Will be set ergonomically by default.
   size_t G1HeapRegionSize                         = 1048576                                   {product} {ergonomic}     Size of the G1 regions.
   size_t InitialHeapSize                          = 8388608                                   {product} {command line}  Initial heap size (in bytes); zero means use ergonomics
   size_t MarkStackSize                            = 4194304                                   {product} {ergonomic}     Size of marking stack in bytes.
   size_t MarkStackSizeMax                         = 536870912                                 {product} {ergonomic}     Maximum size of marking stack in bytes.
   size_t MaxHeapSize                              = 1541406720                                {product} {ergonomic}     Maximum heap size (in bytes)
   size_t MaxNewSize                               = 924844032                                 {product} {ergonomic}     Maximum new generation size (in bytes), max_uintx means set ergonomically
   size_t MinHeapDeltaBytes                        = 1048576                                   {product} {ergonomic}     The minimum change in heap space due to GC (in bytes)
   size_t MinHeapSize                              = 8388608                                   {product} {command line}  Minimum heap size (in bytes); zero means use ergonomics
    uintx NonNMethodCodeHeapSize                   = 7602176                                {pd product} {ergonomic}     Size of code heap with non-nmethods (in bytes)
    uintx NonProfiledCodeHeapSize                  = 122032128                              {pd product} {ergonomic}     Size of code heap with non-profiled methods (in bytes)
    uintx ProfiledCodeHeapSize                     = 122023936                              {pd product} {ergonomic}     Size of code heap with profiled methods (in bytes)
    uintx ReservedCodeCacheSize                    = 251658240                              {pd product} {ergonomic}     Reserved code cache size (in bytes) - maximum code cache size
     bool SegmentedCodeCache                       = true                                      {product} {ergonomic}     Use a segmented code cache
   size_t SoftMaxHeapSize                          = 1541406720                             {manageable} {ergonomic}     Soft limit for maximum heap size (in bytes)
     bool THPStackMitigation                       = false                                  {diagnostic} {ergonomic}     If THPs are unconditionally enabled on the system (mode "always"), the JVM will prevent THP from forming in thread stacks. When disabled, the absence of this mitigationallows THPs to form in thread stacks.
     bool UseCompressedOops                        = true                           {product lp64_product} {ergonomic}   Use 32-bit object references in 64-bit VM. lp64_product means flag is always constant in 32 bit VM
     bool UseG1GC                                  = true                                      {product} {ergonomic}     Use the Garbage-First garbage collector

Logging:
Log output configuration:
 #0: stdout all=warning uptime,level,tags foldmultilines=false
 #1: stderr all=off uptime,level,tags foldmultilines=false

Environment Variables:
JAVA_HOME=/home/wlr/jdk/build/linux-x86_64-server-slowdebug/images/jdk/bin
CLASSPATH=
PATH=/home/wlr/.local/bin::/home/wlr/clion-2024.3.1.1/bin:/usr/local/sbin:/usr/local/bin:/usr/sbin:/usr/bin:/sbin:/bin:/usr/games:/usr/local/games:/snap/bin
LD_LIBRARY_PATH=/home/wlr/hsdis-amd64.so:
SHELL=/bin/bash
DISPLAY=localhost:10.0
LANG=en_US.UTF-8
LC_ALL=C.UTF-8
TERM=xterm

Active Locale:
LC_ALL=C.UTF-8
LC_COLLATE=C.UTF-8
LC_CTYPE=C.UTF-8
LC_MESSAGES=C.UTF-8
LC_MONETARY=C.UTF-8
LC_NUMERIC=C.UTF-8
LC_TIME=C.UTF-8

Signal Handlers:
   SIGSEGV: crash_handler in libjvm.so, mask=11100100010111111101111111111110, flags=SA_RESTART|SA_SIGINFO, unblocked
    SIGBUS: crash_handler in libjvm.so, mask=11100100010111111101111111111110, flags=SA_RESTART|SA_SIGINFO, unblocked
    SIGFPE: crash_handler in libjvm.so, mask=11100100010111111101111111111110, flags=SA_RESTART|SA_SIGINFO, unblocked
   SIGPIPE: javaSignalHandler in libjvm.so, mask=11100100010111111101111111111110, flags=SA_RESTART|SA_SIGINFO, blocked
   SIGXFSZ: javaSignalHandler in libjvm.so, mask=11100100010111111101111111111110, flags=SA_RESTART|SA_SIGINFO, blocked
    SIGILL: crash_handler in libjvm.so, mask=11100100010111111101111111111110, flags=SA_RESTART|SA_SIGINFO, unblocked
   SIGUSR2: SR_handler in libjvm.so, mask=00000000000000000000000000000000, flags=SA_RESTART|SA_SIGINFO, blocked
    SIGHUP: UserHandler in libjvm.so, mask=11100100010111111101111111111110, flags=SA_RESTART|SA_SIGINFO, blocked
    SIGINT: UserHandler in libjvm.so, mask=11100100010111111101111111111110, flags=SA_RESTART|SA_SIGINFO, blocked
   SIGTERM: UserHandler in libjvm.so, mask=11100100010111111101111111111110, flags=SA_RESTART|SA_SIGINFO, blocked
   SIGQUIT: UserHandler in libjvm.so, mask=11100100010111111101111111111110, flags=SA_RESTART|SA_SIGINFO, blocked
   SIGTRAP: crash_handler in libjvm.so, mask=11100100010111111101111111111110, flags=SA_RESTART|SA_SIGINFO, unblocked


[timeout occurred during error reporting in step "Native Memory Tracking"] after 30 s.
Periodic native trim disabled

---------------  S Y S T E M  ---------------

OS:
DISTRIB_ID=Ubuntu
DISTRIB_RELEASE=24.04
DISTRIB_CODENAME=noble
DISTRIB_DESCRIPTION="Ubuntu 24.04.1 LTS"
uname: Linux wlr-VMware-Virtual-Platform 6.11.0-19-generic #19~24.04.1-Ubuntu SMP PREEMPT_DYNAMIC Mon Feb 17 11:51:52 UTC 2 x86_64
OS uptime: 0 days 3:15 hours
libc: glibc 2.39 NPTL 2.39 
rlimit (soft/hard): STACK 8192k/infinity , CORE 0k/infinity , NPROC 23210/23210 , NOFILE 1048576/1048576 , AS infinity/infinity , CPU infinity/infinity , DATA infinity/infinity , FSIZE infinity/infinity , MEMLOCK 752220k/752220k
load average: 5.37 7.44 9.33

/proc/meminfo:
MemTotal:        6017772 kB
MemFree:         1032772 kB
MemAvailable:    2514032 kB
Buffers:           31476 kB
Cached:          1556228 kB
SwapCached:        68360 kB
Active:          1146676 kB
Inactive:        3044420 kB
Active(anon):     942376 kB
Inactive(anon):  1685196 kB
Active(file):     204300 kB
Inactive(file):  1359224 kB
Unevictable:           0 kB
Mlocked:               0 kB
SwapTotal:       3960828 kB
SwapFree:           1108 kB
Zswap:                 0 kB
Zswapped:              0 kB
Dirty:               624 kB
Writeback:             0 kB
AnonPages:       2535400 kB
Mapped:           184232 kB
Shmem:             24144 kB
KReclaimable:     214836 kB
Slab:             515740 kB
SReclaimable:     214836 kB
SUnreclaim:       300904 kB
KernelStack:       22560 kB
PageTables:        38576 kB
SecPageTables:      3328 kB
NFS_Unstable:          0 kB
Bounce:                0 kB
WritebackTmp:          0 kB
CommitLimit:     6969712 kB
Committed_AS:   13652376 kB
VmallocTotal:   34359738367 kB
VmallocUsed:       45268 kB
VmallocChunk:          0 kB
Percpu:            93184 kB
HardwareCorrupted:     0 kB
AnonHugePages:         0 kB
ShmemHugePages:        0 kB
ShmemPmdMapped:        0 kB
FileHugePages:         0 kB
FilePmdMapped:         0 kB
Unaccepted:            0 kB
HugePages_Total:       0
HugePages_Free:        0
HugePages_Rsvd:        0
HugePages_Surp:        0
Hugepagesize:       2048 kB
Hugetlb:               0 kB
DirectMap4k:      272192 kB
DirectMap2M:     3921920 kB
DirectMap1G:     4194304 kB

/sys/kernel/mm/transparent_hugepage/enabled: always [madvise] never
/sys/kernel/mm/transparent_hugepage/hpage_pmd_size: 2097152
/sys/kernel/mm/transparent_hugepage/shmem_enabled: always within_size advise [never] deny force
/sys/kernel/mm/transparent_hugepage/defrag (defrag/compaction efforts parameter): always defer defer+madvise [madvise] never

Process Memory:
Virtual Size: 4535576K (peak: 4535576K)
Resident Set Size: 152892K (peak: 152892K) (anon: 117312K, file: 35580K, shmem: 0K)
Swapped out: 0K
C-Heap outstanding allocations: 95549K, retained: 2210K
glibc malloc tunables: (default)

/proc/sys/kernel/threads-max (system-wide limit on the number of threads): 46420
/proc/sys/vm/max_map_count (maximum number of memory map areas a process may have): 1048576
/proc/sys/vm/swappiness (control to define how aggressively the kernel swaps out anonymous memory): 60
/proc/sys/kernel/pid_max (system-wide limit on number of process identifiers): 4194304

container information not found.
VMWare virtualization detected
Steal ticks since vm start: 0
Steal ticks percentage since vm start:  0.000

CPU: total 128 (initial active 24) (3 cores per cpu, 1 threads per core) family 6 model 183 stepping 1 microcode 0x11f, cx8, cmov, fxsr, mmx, 3dnowpref, sse, sse2, sse3, ssse3, sse4.1, sse4.2, popcnt, lzcnt, tsc, tscinvbit, avx, avx2, aes, erms, clmul, bmi1, bmi2, adx, sha, fma, vzeroupper, clflush, clflushopt, clwb, hv, serialize, rdtscp, rdpid, fsrm, gfni, f16c, pku, ospke, cet_ss
CPU Model and flags from /proc/cpuinfo:
model name	: Intel(R) Core(TM) i7-14700HX
flags		: fpu vme de pse tsc msr pae mce cx8 apic sep mtrr pge mca cmov pat pse36 clflush mmx fxsr sse sse2 ss ht syscall nx pdpe1gb rdtscp lm constant_tsc arch_perfmon rep_good nopl xtopology tsc_reliable nonstop_tsc cpuid tsc_known_freq pni pclmulqdq vmx ssse3 fma cx16 sse4_1 sse4_2 x2apic movbe popcnt tsc_deadline_timer aes xsave avx f16c rdrand hypervisor lahf_lm abm 3dnowprefetch ssbd ibrs ibpb stibp ibrs_enhanced tpr_shadow ept vpid ept_ad fsgsbase tsc_adjust bmi1 avx2 smep bmi2 erms invpcid rdseed adx smap clflushopt clwb sha_ni xsaveopt xsavec xgetbv1 xsaves user_shstk avx_vnni arat vnmi umip pku ospke gfni vaes vpclmulqdq rdpid movdiri movdir64b fsrm md_clear serialize flush_l1d arch_capabilities

Online cpus: 0-23
Offline cpus: 24-127
cache level: 1
cache type: Data
cache size: 48K
cache coherency line size: 64
cache level: 1
cache type: Instruction
cache size: 32K
cache coherency line size: 64
cache level: 2
cache type: Unified
cache size: 2048K
cache coherency line size: 64
cache level: 3
cache type: Unified
cache size: 33792K
cache coherency line size: 64
BIOS frequency limitation: <Not Available>
Frequency switch latency (ns): <Not Available>
Available cpu frequencies: <Not Available>
Maximum cpu frequency: <Not Available>
Minimum cpu frequency: <Not Available>
Current cpu frequency: <Not Available>
Available governors: <Not Available>
Current governor: <Not Available>
Core performance/turbo boost: <Not Available>

Memory: 4k page, physical 6017772k(2514032k free), swap 3960828k(1108k free)
Page Sizes: 4k

vm_info: OpenJDK 64-Bit Server VM (slowdebug 25-internal-adhoc.wlr.jdk) for linux-amd64 JRE (25-internal-adhoc.wlr.jdk), built on 2025-02-21T15:09:05Z with gcc 13.3.0

END.
